stm055: Uncaught exception ghc-internal:GHC.Internal.Control.Exception.Base.NestedAtomically:

Control.Concurrent.STM.atomically was nested
